{
  "FormatVersion": 17,
  "FeatureVersion": 12,
  "FileMatches": [
    [
      {
        "FileName": "main.go",
        "Repository": "repo17",
        "Language": "Go",
        "LineMatches": [
          {
            "Line": "ZnVuYyBtYWluKCkgew==",
            "LineStart": 69,
            "LineEnd": 82,
            "LineNumber": 10,
            "Before": null,
            "After": null,
            "FileName": false,
            "Score": 3501,
            "DebugScore": "",
            "LineFragments": [
              {
                "LineOffset": 0,
                "Offset": 69,
                "MatchLength": 9,
                "SymbolInfo": null
              }
            ]
          }
        ],
        "Checksum": "n9fUYqacPXg=",
        "Score": 3510
      }
    ],
    [
      {
        "FileName": "main.go",
        "Repository": "repo17",
        "Language": "Go",
        "LineMatches": [
          {
            "Line": "cGFja2FnZSBtYWlu",
            "LineStart": 0,
            "LineEnd": 12,
            "LineNumber": 1,
            "Before": null,
            "After": null,
            "FileName": false,
            "Score": 3501,
            "DebugScore": "",
            "LineFragments": [
              {
                "LineOffset": 0,
                "Offset": 0,
                "MatchLength": 7,
                "SymbolInfo": null
              }
            ]
          }
        ],
        "Checksum": "n9fUYqacPXg=",
        "Score": 3510
      }
    ],
    null,
    null
  ]
}